// Jest Snapshot v1, https://goo.gl/fbAQLP

exports[`Pruebas en AppRouter debe de cargar las rutas 1`] = `
<div>
  <nav
    className="navbar navbar-expand-lg navbar-dark bg-dark"
  >
    <a
      className="navbar-brand"
      href="/"
      onClick={[Function]}
    >
      useContext
    </a>
    <div
      className="collapse navbar-collapse"
      id="navbarNavAltMarkup"
    >
      <div
        className="navbar-nav"
      >
        <a
          aria-current="page"
          className="nav-link active"
          href="/"
          onClick={[Function]}
          style={Object {}}
        >
          Home
        </a>
        <a
          aria-current={null}
          className="nav-link"
          href="/about"
          onClick={[Function]}
        >
          About
        </a>
        <a
          aria-current={null}
          className="nav-link"
          href="/login"
          onClick={[Function]}
        >
          Login
        </a>
      </div>
    </div>
  </nav>
  <div
    className="container"
  >
    Array [
      <h1>
        HomeScreen
      </h1>,
      <pre>
        {
   "id": 1,
   "name": "Fernando",
   "email": "Fernandoq@email.com"
}
      </pre>,
    ]
  </div>
</div>
`;
