// Jest Snapshot v1, https://goo.gl/fbAQLP

exports[`Pruebas sobre <LoginScreen></LoginScreen> debe de cargar el componente  1`] = `
Array [
  <h1>
    LoginScreen
  </h1>,
  <hr />,
  <button
    className="btn btn-outline-success"
    onClick={[Function]}
  >
    Login
  </button>,
]
`;
