// Jest Snapshot v1, https://goo.gl/fbAQLP

exports[`Prueba sobre <HookApp></HookApp>  probando despliegue de wrapper de hookApp  1`] = `
<div>
  <h1>
    Hello
  </h1>
</div>
`;
